Warning: You are sending unauthenticated requests to the HF Hub. Please set a HF_TOKEN to enable higher rate limits and faster downloads.
======================================================================
1. 지연시간 (콜드 스타트 로딩 시간 별도, 추론만)
======================================================================
Loading weights:   0%|          | 0/199 [00:00<?, ?it/s]Loading weights: 100%|██████████| 199/199 [00:00<00:00, 7499.11it/s]
Loading weights:   0%|          | 0/201 [00:00<?, ?it/s]Loading weights: 100%|██████████| 201/201 [00:00<00:00, 10742.57it/s]
임베더 로딩: 9.53s / 리랭커 로딩: 3.55s
질의 1건 임베딩: 1.0ms
청크 30건 임베딩(캐시 미스): 0.00s (0.0ms/청크)
리랭킹 30쌍: 0.21s

======================================================================
2. 검색 품질 -- 정답을 아는 질문으로 확인
======================================================================

[O] 장애물 감지 인식률 1차년도 목표치가 몇 %야?  (668ms, top-4)

[O] 이 과제 1차년도 정부출연금이 얼마야?  (803ms, top-5)

[X] 가천대 인건비 이월 요청액이 얼마야?  (704ms, top-5)
      (참고) 하는 Low Vision Smart Glass 서비스 개발 ’ 과제 수행에 따른 이월금을 차단계로 이월 하고자 하오니 승인하여
      (참고) 341.7 341.7 341.7 341.7 퇴직급여 284.75 284.75 284.75 284.75 284.75 284.75

[X] 2단계 전체 정부출연금 합계가 얼마야?  (575ms, top-5)
      (참고) 1. 총사업비
1-1. 연차(단계)별 총괄
(천원)
구 분 1단계 2단계 합 계 1차년도 (2020) 1차년도 (2021) 2
      (참고) 1. 총사업비
1-1. 연차(단계)별 총괄
(천원)
구 분 1단계 2단계 합 계 1차년도 (2020) 1차년도 (2021) 2

[O] 위험 감지 센서 응답 속도 2차년도 목표가 뭐야?  (689ms, top-5)

[X] 과제 전담기관이 어디야?  (750ms, top-1)
      (참고) 기관(기업) 정보  현황
당해연도
수행기관명
전담기관명
과제번호
과제명
(주관기관/
정부출연금
참여기관)
(백만원)
주관기관


정답 포함율: 3/6 = 50.0%
