Warning: You are sending unauthenticated requests to the HF Hub. Please set a HF_TOKEN to enable higher rate limits and faster downloads.
전체 2950건 재임베딩 (새 모델: mE5-base, 768차원)
Loading weights:   0%|          | 0/199 [00:00<?, ?it/s]Loading weights: 100%|██████████| 199/199 [00:00<00:00, 8642.86it/s]
  64/2950
  128/2950
  192/2950
  256/2950
  320/2950
  384/2950
  448/2950
  512/2950
  576/2950
  640/2950
  704/2950
  768/2950
  832/2950
  896/2950
  960/2950
  1024/2950
  1088/2950
  1152/2950
  1216/2950
  1280/2950
  1344/2950
  1408/2950
  1472/2950
  1536/2950
  1600/2950
  1664/2950
  1728/2950
  1792/2950
  1856/2950
  1920/2950
  1984/2950
  2048/2950
  2112/2950
  2176/2950
  2240/2950
  2304/2950
  2368/2950
  2432/2950
  2496/2950
  2560/2950
  2624/2950
  2688/2950
  2752/2950
  2816/2950
  2880/2950
  2944/2950
  2950/2950
완료: 2950건 재임베딩
{'ltm': {'facts': 58, 'views': 294.416, 'returns': 479, 'avg_chars': 41.7}, 'mtm': {'facts': 6, 'views': 18.102, 'returns': 40, 'avg_chars': 35.3}, 'stm': {'facts': 2886, 'views': 460.361, 'returns': 861, 'avg_chars': 41.9}}
