Warning: You are sending unauthenticated requests to the HF Hub. Please set a HF_TOKEN to enable higher rate limits and faster downloads.
Loading weights:   0%|          | 0/391 [00:00<?, ?it/s]Loading weights: 100%|██████████| 391/391 [00:00<00:00, 9736.76it/s]

===== 라운드 1 | MTM 8/100  (STM 276) =====
  [시범서비스 설문 결과] 대화 4개 -> 사실 20개 (세션 s-live-20260827-133626-f4f43e)
  [장애물 인식 성능 개선] 대화 4개 -> 사실 18개 (세션 s-live-20260827-133656-6701fc)
  [제품 펌웨어 업데이트] 대화 4개 -> 사실 18개 (세션 s-live-20260827-133719-dca313)
  [출장 및 외부 미팅] 대화 4개 -> 사실 22개 (세션 s-live-20260827-133744-77c7db)
  [보고서 작성 마감] 대화 4개 -> 사실 18개 (세션 s-live-20260827-133807-f3bdfa)
  [데이터 라벨링 진행] 대화 4개 -> 사실 18개 (세션 s-live-20260827-133830-60eb8e)
  누적 STM 생성 114건 -> 시뮬레이션 시각 2026-08-27T18:38 (실제 대비 +5:00:00)
  재질문 25건 수행 (그중 자기 자신에게 귀속된 건 25개)

  -- 승격 실행 --
STM 전체 390개 (즉시 승격 심사)
MTM 승격 기준: 조회수 >= 3.0  /  결합 기준: 코사인 >= 0.65
  씨앗 2개
Loading weights:   0%|          | 0/393 [00:00<?, ?it/s]Loading weights: 100%|██████████| 393/393 [00:00<00:00, 12278.66it/s]
  ADD/UPDATE 기준: 상호함의 >= 2.0

  [사안 1] 1개 승격 (조회수 합 3.147)
      (씨앗 3.147) 클라우드 이전 기안서 본문 반영 및 전달 마감 기한은 오늘 17시까지이다.
      + ADD    (최고 -10.95) 클라우드 이전 기안서 본문 반영 및 전달 마감 기한은 오늘 17시까지이다.

  [사안 2] 2개 승격 (조회수 합 5.186)
      (씨앗 3.057) 10월 30일 임원 보고 자료에 설문 요약본이 포함된다.
      (동반 2.129) 10월 30일 임원 보고서에 설문 2점 이하 이탈 위험군 12명의 심층 분석 내용을 별첨으로 추가하기로 실장 컨펌을 받
      + ADD    (최고 -7.11) 10월 30일 임원 보고 자료에 설문 요약본이 포함된다.
      + ADD    (최고 +0.81) 10월 30일 임원 보고서에 설문 2점 이하 이탈 위험군 12명의 심층 분석 내용을 별첨으로 추가하기

  폐기 0개 (창을 벗어났고 조회수 미달) / 나머지 387개는 아직 창 안 -> STM 유지

[계층 상태] {"mtm": {"facts": 11, "views": 35.454, "returns": 54, "avg_chars": 36.8}, "stm": {"facts": 387, "views": 193.631, "returns": 321, "avg_chars": 41.5}}

===== 라운드 2 | MTM 11/100  (STM 387) =====
  [테스트베드 운영] 대화 4개 -> 사실 16개 (세션 s-live-20260827-133901-c3a776)
  [특허 출원 검토] 대화 4개 -> 사실 15개 (세션 s-live-20260827-133924-bc9852)
  [산학협력 계약] 대화 4개 -> 사실 18개 (세션 s-live-20260827-133946-ceadad)
  [인력 채용 진행상황] 대화 4개 -> 사실 24개 (세션 s-live-20260827-134013-db6e8a)
  [품질 이슈 대응] 대화 4개 -> 사실 20개 (세션 s-live-20260827-134045-1b7a56)
  [고객 피드백 정리] 대화 4개 -> 사실 18개 (세션 s-live-20260827-134107-cdf4c3)
  누적 STM 생성 225건 -> 시뮬레이션 시각 2026-08-27T23:41 (실제 대비 +10:00:00)
  재질문 25건 수행 (그중 자기 자신에게 귀속된 건 25개)

  -- 승격 실행 --
STM 전체 498개 (즉시 승격 심사)
MTM 승격 기준: 조회수 >= 3.0  /  결합 기준: 코사인 >= 0.65
  씨앗 1개
  ADD/UPDATE 기준: 상호함의 >= 2.0

  [사안 1] 2개 승격 (조회수 합 5.531)
      (씨앗 3.061) AI 추천 알고리즘 특허의 우선권 주장 출원 마감일은 11월 14일이다
      (동반 2.470) AI 추천 알고리즘 특허는 11월 14일에 맞춰 국내 가출원을 먼저 접수하기로 최종 결정했다
      + ADD    (최고 -9.77) AI 추천 알고리즘 특허의 우선권 주장 출원 마감일은 11월 14일이다
      ~ UPDATE (상호함의 +2.34) AI 추천 알고리즘 특허는 11월 14일에 맞춰 국내 가출원을 먼저 접수하기로 최종 결정했다
          교체 대상: AI 추천 알고리즘 특허의 우선권 주장 출원 마감일은 11월 14일이다

  폐기 0개 (창을 벗어났고 조회수 미달) / 나머지 496개는 아직 창 안 -> STM 유지

[계층 상태] {"mtm": {"facts": 12, "views": 40.985, "returns": 61, "avg_chars": 38.0}, "stm": {"facts": 496, "views": 270.733, "returns": 439, "avg_chars": 41.7}}

===== 라운드 3 | MTM 12/100  (STM 496) =====
  [예산 정산 감사 대비] 대화 4개 -> 사실 17개 (세션 s-live-20260827-134132-6e4ca5)
  [차년도 계획 수립] 대화 4개 -> 사실 17개 (세션 s-live-20260827-134156-541178)
  [센서 캘리브레이션] 대화 4개 -> 사실 16개 (세션 s-live-20260827-134223-937064)
  [배터리 수명 테스트] 대화 4개 -> 사실 18개 (세션 s-live-20260827-134245-e274df)
  [앱 UI 개선] 대화 4개 -> 사실 15개 (세션 s-live-20260827-134308-65e811)
  [음성 안내 콘텐츠 제작] 대화 4개 -> 사실 16개 (세션 s-live-20260827-134329-eaf9c2)
  누적 STM 생성 324건 -> 시뮬레이션 시각 2026-08-28T04:43 (실제 대비 +15:00:00)
  재질문 25건 수행 (그중 자기 자신에게 귀속된 건 25개)

  -- 승격 실행 --
STM 전체 595개 (즉시 승격 심사)
MTM 승격 기준: 조회수 >= 3.0  /  결합 기준: 코사인 >= 0.65
  씨앗 7개
  ADD/UPDATE 기준: 상호함의 >= 2.0

  [사안 1] 2개 승격 (조회수 합 6.644)
      (씨앗 3.855) 이수아 선임이 제스처 UI 특허 직무발명 신고서를 제출했다
      (동반 2.789) 제스처 UI 직무발명의 선행특허 유사도가 약 78%로 높게 나타났다
      + ADD    (최고 -10.19) 이수아 선임이 제스처 UI 특허 직무발명 신고서를 제출했다
      + ADD    (최고 -5.38) 제스처 UI 직무발명의 선행특허 유사도가 약 78%로 높게 나타났다

  [사안 2] 4개 승격 (조회수 합 11.903)
      (씨앗 3.463) 한국대 AI 비전 과제 산학 계약의 총 연구비가 1억 2,000만 원에서 1억 5,000만 원으로 증액 결정되었다.
      (씨앗 3.176) 한국대 김진우 교수 랩실과의 AI 비전 과제 산학 계약 간접비(오버헤드)가 기존 18%에서 15%로 낮추기로 합의되었다
      (동반 2.943) 한국대 AI 랩과의 산학협력 과제 연구비 총액을 8,500만 원으로 500만 원 증액하기로 합의했다
      (동반 2.320) 한국대 AI 비전 과제 산학 계약의 최종 날인은 10월 24일에 전자계약으로 진행된다.
      + ADD    (최고 -9.51) 한국대 AI 비전 과제 산학 계약의 총 연구비가 1억 2,000만 원에서 1억 5,000만 원으로 증
      + ADD    (최고 -5.67) 한국대 김진우 교수 랩실과의 AI 비전 과제 산학 계약 간접비(오버헤드)가 기존 18%에서 15%로 
      + ADD    (최고 -1.62) 한국대 AI 랩과의 산학협력 과제 연구비 총액을 8,500만 원으로 500만 원 증액하기로 합의했다
      + ADD    (최고 -2.17) 한국대 AI 비전 과제 산학 계약의 최종 날인은 10월 24일에 전자계약으로 진행된다.

  [사안 3] 2개 승격 (조회수 합 6.203)
      (씨앗 3.360) 한빛대 자율주행 산학 과제에 투입되는 박사 과정 연구원 1명의 인건비는 월 250만 원으로 책정되었다.
      (동반 2.843) 한빛대 자율주행 산학 과제에 투입되는 석사 과정 연구원 2명의 인건비는 월 180만 원으로 책정되었다.
      + ADD    (최고 -5.66) 한빛대 자율주행 산학 과제에 투입되는 박사 과정 연구원 1명의 인건비는 월 250만 원으로 책정되었다
      + ADD    (최고 -1.69) 한빛대 자율주행 산학 과제에 투입되는 석사 과정 연구원 2명의 인건비는 월 180만 원으로 책정되었다

  [사안 4] 1개 승격 (조회수 합 3.352)
      (씨앗 3.352) 제스처 UI 기술은 선행기술 회피가 어려워 특허 출원을 드롭하기로 결정했다
      + ADD    (최고 -5.65) 제스처 UI 기술은 선행기술 회피가 어려워 특허 출원을 드롭하기로 결정했다

  [사안 5] 1개 승격 (조회수 합 3.243)
      (씨앗 3.243) 10월 28일 사내 특허심의위원회에 제스처 UI 건을 미출원 종결로 상정하기로 했다
      + ADD    (최고 -2.09) 10월 28일 사내 특허심의위원회에 제스처 UI 건을 미출원 종결로 상정하기로 했다

  [사안 6] 2개 승격 (조회수 합 3.918)
      (씨앗 3.203) AI 추천 알고리즘 특허는 선행기술 A사 건과 겹치는 청구항 3개를 삭제하여 9개로 줄이기로 결정했다
      (동반 0.715) AI 이미지 압축 알고리즘 특허 청구항 개수를 12개에서 8개로 축소하기로 박진우 변리사와 합의했다.
      + ADD    (최고 -2.53) AI 추천 알고리즘 특허는 선행기술 A사 건과 겹치는 청구항 3개를 삭제하여 9개로 줄이기로 결정했다
      + ADD    (최고 -0.64) AI 이미지 압축 알고리즘 특허 청구항 개수를 12개에서 8개로 축소하기로 박진우 변리사와 합의했다.

  폐기 0개 (창을 벗어났고 조회수 미달) / 나머지 583개는 아직 창 안 -> STM 유지

[계층 상태] {"mtm": {"facts": 24, "views": 76.247, "returns": 114, "avg_chars": 44.7}, "stm": {"facts": 583, "views": 315.059, "returns": 511, "avg_chars": 42.0}}

===== 라운드 4 | MTM 24/100  (STM 583) =====
  [협력기관 미팅] 대화 4개 -> 사실 19개 (세션 s-live-20260827-134359-865080)
  [성과 지표 보고] 대화 4개 -> 사실 20개 (세션 s-live-20260827-134427-c56804)
  [인프라 서버 점검] 대화 4개 -> 사실 18개 (세션 s-live-20260827-134451-898022)
  [보안 점검 결과] 대화 4개 -> 사실 17개 (세션 s-live-20260827-134515-c26b4f)
  [사용자 교육 자료] 대화 4개 -> 사실 17개 (세션 s-live-20260827-134542-be6ab2)
  [현장 실증 일정] 대화 4개 -> 사실 15개 (세션 s-live-20260827-134605-306211)
  누적 STM 생성 430건 -> 시뮬레이션 시각 2026-08-28T09:46 (실제 대비 +20:00:00)
  재질문 25건 수행 (그중 자기 자신에게 귀속된 건 25개)

  -- 승격 실행 --
STM 전체 689개 (즉시 승격 심사)
MTM 승격 기준: 조회수 >= 3.0  /  결합 기준: 코사인 >= 0.65
  씨앗 5개
  ADD/UPDATE 기준: 상호함의 >= 2.0

  [사안 1] 4개 승격 (조회수 합 12.365)
      (씨앗 3.189) 모터 드라이브 A라인 3차 로트의 불량률은 4.2%로 파악되었다.
      (씨앗 3.112) 모터 드라이브 A라인 3차 로트 이슈의 원인은 납땜 크랙이다.
      (씨앗 3.049) 모터 드라이브 A라인 3차 로트의 총 수량은 1,200대이다.
      (씨앗 3.015) 11월 14일 출고된 모터 드라이브 A라인 3차 로트에서 간헐적 전원 차단 이슈가 발생했다.
      + ADD    (최고 -7.36) 모터 드라이브 A라인 3차 로트의 불량률은 4.2%로 파악되었다.
      + ADD    (최고 -2.20) 모터 드라이브 A라인 3차 로트 이슈의 원인은 납땜 크랙이다.
      + ADD    (최고 -2.04) 모터 드라이브 A라인 3차 로트의 총 수량은 1,200대이다.
      + ADD    (최고 +0.10) 11월 14일 출고된 모터 드라이브 A라인 3차 로트에서 간헐적 전원 차단 이슈가 발생했다.

  [사안 2] 2개 승격 (조회수 합 5.961)
      (씨앗 3.000) 데이터팀 김도현 후보자의 최종 처우는 기본급 7,500만 원에 인센티브 별도 조건으로 합의되었다.
      (동반 2.961) 데이터팀 김도현 후보자의 희망연봉 요구액은 7,800만 원이었다.
      + ADD    (최고 -8.25) 데이터팀 김도현 후보자의 최종 처우는 기본급 7,500만 원에 인센티브 별도 조건으로 합의되었다.
      + ADD    (최고 -1.53) 데이터팀 김도현 후보자의 희망연봉 요구액은 7,800만 원이었다.

  폐기 0개 (창을 벗어났고 조회수 미달) / 나머지 683개는 아직 창 안 -> STM 유지

[계층 상태] {"mtm": {"facts": 30, "views": 94.572, "returns": 138, "avg_chars": 43.9}, "stm": {"facts": 683, "views": 378.78, "returns": 612, "avg_chars": 42.2}}

===== 라운드 5 | MTM 30/100  (STM 683) =====
Warning: You are sending unauthenticated requests to the HF Hub. Please set a HF_TOKEN to enable higher rate limits and faster downloads.
Loading weights:   0%|          | 0/391 [00:00<?, ?it/s]Loading weights: 100%|██████████| 391/391 [00:00<00:00, 8930.17it/s]
  [아카이브] 기존 사실 776건 백필

===== 라운드 1 | MTM 30/100  (STM 746) =====
  [시범서비스 설문 결과] 대화 4개 -> 사실 17개 (세션 s-live-20260827-134827-6df058)
  [장애물 인식 성능 개선] 대화 4개 -> 사실 14개 (세션 s-live-20260827-134849-e51d83)
  [제품 펌웨어 업데이트] 대화 4개 -> 사실 16개 (세션 s-live-20260827-134915-eff3d6)
  [출장 및 외부 미팅] 대화 4개 -> 사실 19개 (세션 s-live-20260827-134943-cc5b48)
  [보고서 작성 마감] 대화 4개 -> 사실 18개 (세션 s-live-20260827-135008-685bf5)
  [데이터 라벨링 진행] 대화 4개 -> 사실 16개 (세션 s-live-20260827-135032-047a88)
  누적 STM 생성 593건 -> 시뮬레이션 시각 2026-08-28T14:50 (실제 대비 +1 day, 1:00:00)
  재질문 25건 수행 (그중 자기 자신에게 귀속된 건 25개)

  -- 승격 실행 --
STM 전체 846개 (즉시 승격 심사)
MTM 승격 기준: 조회수 >= 3.0  /  결합 기준: 코사인 >= 0.65
  씨앗 0개
Loading weights:   0%|          | 0/393 [00:00<?, ?it/s]Loading weights: 100%|██████████| 393/393 [00:00<00:00, 11014.26it/s]
  ADD/UPDATE 기준: 상호함의 >= 2.0

  폐기 0개 (창을 벗어났고 조회수 미달) / 나머지 846개는 아직 창 안 -> STM 유지

[계층 상태] {"mtm": {"facts": 30, "views": 94.572, "returns": 138, "avg_chars": 43.9}, "stm": {"facts": 846, "views": 459.651, "returns": 737, "avg_chars": 42.2}}

===== 라운드 2 | MTM 30/100  (STM 846) =====
  [테스트베드 운영] 대화 4개 -> 사실 20개 (세션 s-live-20260827-135108-4d64b6)
  [특허 출원 검토] 대화 3개 -> 사실 13개 (세션 s-live-20260827-135130-39d553)
  [산학협력 계약] 대화 4개 -> 사실 17개 (세션 s-live-20260827-135151-ec2f19)
  [인력 채용 진행상황] 대화 4개 -> 사실 18개 (세션 s-live-20260827-135218-34e42d)
  [품질 이슈 대응] 대화 4개 -> 사실 25개 (세션 s-live-20260827-135244-3b5831)
  [고객 피드백 정리] 대화 4개 -> 사실 18개 (세션 s-live-20260827-135312-370c94)
  누적 STM 생성 704건 -> 시뮬레이션 시각 2026-08-29T00:53 (실제 대비 +1 day, 11:00:00)
  재질문 25건 수행 (그중 자기 자신에게 귀속된 건 25개)

  -- 승격 실행 --
STM 전체 957개 (즉시 승격 심사)
MTM 승격 기준: 조회수 >= 3.0  /  결합 기준: 코사인 >= 0.65
  씨앗 5개
  ADD/UPDATE 기준: 상호함의 >= 2.0

  [사안 1] 6개 승격 (조회수 합 16.832)
      (씨앗 3.901) 현석 님이 오늘 오후 4시 30분에 클린룸 4구역 산소 센서(O2-104) 스팬 교정을 진행하기로 결정했다
      (씨앗 3.698) 클린룸 4구역 산소 센서(O2-104)의 다음 정기 교정일은 10월 30일이다
      (동반 2.922) 현석 님이 산소 센서(O2-104) 교정 시 표준 교정 가스(20.9% O2 balance N2)를 사용할 예정이다
      (동반 2.463) 현석 님이 산소 센서(O2-104)의 스팬 게인 값을 1.062로 조정할 예정이다
      (동반 2.089) 클린룸 4구역 차압 센서의 기존 정기 교정일은 11월 12일이었다
      (동반 1.759) 클린룸 4구역 산소 센서(O2-104)의 2주 점검 측정값이 기준치 20.9% 대비 19.7%로 확인되었다
      + ADD    (최고 -8.68) 현석 님이 오늘 오후 4시 30분에 클린룸 4구역 산소 센서(O2-104) 스팬 교정을 진행하기로 결
      + ADD    (최고 -0.73) 클린룸 4구역 산소 센서(O2-104)의 다음 정기 교정일은 10월 30일이다
      + ADD    (최고 -2.48) 현석 님이 산소 센서(O2-104) 교정 시 표준 교정 가스(20.9% O2 balance N2)를 
      + ADD    (최고 -0.61) 현석 님이 산소 센서(O2-104)의 스팬 게인 값을 1.062로 조정할 예정이다
      + ADD    (최고 -3.88) 클린룸 4구역 차압 센서의 기존 정기 교정일은 11월 12일이었다
      + ADD    (최고 -0.75) 클린룸 4구역 산소 센서(O2-104)의 2주 점검 측정값이 기준치 20.9% 대비 19.7%로 확인

  [사안 2] 6개 승격 (조회수 합 12.703)
      (씨앗 3.472) 온보딩 튜토리얼 개편 마감일은 11월 15일이다
      (동반 2.637) 온보딩 튜토리얼 개편안은 11월 8일 기획 싱크에서 최종 결정되었다.
      (동반 2.373) 지난 3분기 온보딩 튜토리얼 개편 피드백 설문 응답자는 총 1,200명이다
      (동반 1.982) 10월 30일까지 온보딩 튜토리얼 개선안을 추가 작성하여 재보고하기로 결정되었다
      (동반 1.887) 신규 입사자 온보딩 교육 일정은 12월 5일이다
      (동반 0.351) 온보딩 튜토리얼 첫 완료 리워드를 즉시 지급하는 구조로 개편하기로 결정했다
      + ADD    (최고 -8.34) 온보딩 튜토리얼 개편 마감일은 11월 15일이다
      + ADD    (최고 -0.29) 온보딩 튜토리얼 개편안은 11월 8일 기획 싱크에서 최종 결정되었다.
      + ADD    (최고 -4.01) 지난 3분기 온보딩 튜토리얼 개편 피드백 설문 응답자는 총 1,200명이다
      + ADD    (최고 -2.64) 10월 30일까지 온보딩 튜토리얼 개선안을 추가 작성하여 재보고하기로 결정되었다
      + ADD    (최고 -5.79) 신규 입사자 온보딩 교육 일정은 12월 5일이다
      + ADD    (최고 -1.46) 온보딩 튜토리얼 첫 완료 리워드를 즉시 지급하는 구조로 개편하기로 결정했다

  [사안 3] 4개 승격 (조회수 합 6.963)
      (씨앗 3.447) 데이터팀 김도현 후보자의 입사일은 11월 13일로 확정되었다.
      (동반 2.850) 데이터팀 김도현 후보자에게 오늘 오후 오퍼레터를 발송할 예정이다.
      (동반 0.666) 김태완 님의 입사일은 11월 17일 월요일로 확정되었다.
      (동반 0.000) 김도현 지원자의 2차 임원면접 일정이 11월 2일 목요일 오후 3시로 확정되었다.
      + ADD    (최고 -3.22) 데이터팀 김도현 후보자의 입사일은 11월 13일로 확정되었다.
      + ADD    (최고 -4.93) 데이터팀 김도현 후보자에게 오늘 오후 오퍼레터를 발송할 예정이다.
      + ADD    (최고 -4.86) 김태완 님의 입사일은 11월 17일 월요일로 확정되었다.
      + ADD    (최고 -4.23) 김도현 지원자의 2차 임원면접 일정이 11월 2일 목요일 오후 3시로 확정되었다.

  [사안 4] 2개 승격 (조회수 합 5.461)
      (씨앗 3.199) B200 압력 센서 모듈의 최종 검수 예정일은 11월 2일이다.
      (동반 2.262) B200 압력 센서 모듈 15대가 내일 출하 예정이다.
      + ADD    (최고 -4.89) B200 압력 센서 모듈의 최종 검수 예정일은 11월 2일이다.
      + ADD    (최고 -3.34) B200 압력 센서 모듈 15대가 내일 출하 예정이다.

  폐기 0개 (창을 벗어났고 조회수 미달) / 나머지 939개는 아직 창 안 -> STM 유지

[계층 상태] {"mtm": {"facts": 48, "views": 136.531, "returns": 197, "avg_chars": 42.7}, "stm": {"facts": 939, "views": 501.885, "returns": 803, "avg_chars": 42.2}}

===== 라운드 3 | MTM 48/100  (STM 939) =====
  [예산 정산 감사 대비] 대화 4개 -> 사실 24개 (세션 s-live-20260827-135343-2c43ae)
  [차년도 계획 수립] 대화 4개 -> 사실 20개 (세션 s-live-20260827-135410-dbfa84)
  [센서 캘리브레이션] 대화 4개 -> 사실 19개 (세션 s-live-20260827-135438-d9d3da)
  [배터리 수명 테스트] 대화 4개 -> 사실 19개 (세션 s-live-20260827-135502-1dafe2)
  [앱 UI 개선] 대화 4개 -> 사실 18개 (세션 s-live-20260827-135530-ff5846)
  [음성 안내 콘텐츠 제작] 대화 4개 -> 사실 20개 (세션 s-live-20260827-135554-51e644)
  누적 STM 생성 824건 -> 시뮬레이션 시각 2026-08-29T05:56 (실제 대비 +1 day, 16:00:00)
  재질문 25건 수행 (그중 자기 자신에게 귀속된 건 25개)

  -- 승격 실행 --
STM 전체 1059개 (즉시 승격 심사)
MTM 승격 기준: 조회수 >= 3.0  /  결합 기준: 코사인 >= 0.65
  씨앗 13개
  ADD/UPDATE 기준: 상호함의 >= 2.0

  [사안 1] 7개 승격 (조회수 합 20.102)
      (씨앗 4.282) 신규 기능 시범서비스 설문조사의 최종 응답률은 78.4%이다.
      (씨앗 4.281) 신규 기능 시범서비스 설문조사의 총 대상자는 500명이다.
      (씨앗 4.112) 신규 기능 시범서비스 설문조사의 전반적 만족도는 5점 만점에 4.2점이다.
      (씨앗 3.522) 신규 기능 시범서비스 설문조사의 최종 참여 인원은 392명이다.
      (동반 1.604) 시범서비스 만족도 설문 최종 응답률은 78.4%이다.
      (동반 1.519) 신규 기능 시범서비스 설문조사의 기타 정성 의견은 총 120건이다.
      (동반 0.782) 시범서비스 만족도 설문에 392명이 참여했다.
      + ADD    (최고 -0.18) 신규 기능 시범서비스 설문조사의 최종 응답률은 78.4%이다.
      + ADD    (최고 -1.32) 신규 기능 시범서비스 설문조사의 총 대상자는 500명이다.
      + ADD    (최고 -0.52) 신규 기능 시범서비스 설문조사의 전반적 만족도는 5점 만점에 4.2점이다.
      ~ UPDATE (상호함의 +2.98) 신규 기능 시범서비스 설문조사의 최종 참여 인원은 392명이다.
          교체 대상: 신규 기능 시범서비스 설문조사의 최종 응답률은 78.4%이다.
      + ADD    (최고 +0.24) 시범서비스 만족도 설문 최종 응답률은 78.4%이다.
      + ADD    (최고 +0.01) 신규 기능 시범서비스 설문조사의 기타 정성 의견은 총 120건이다.
      ~ UPDATE (상호함의 +6.79) 시범서비스 만족도 설문에 392명이 참여했다.
          교체 대상: 신규 기능 시범서비스 설문조사의 최종 참여 인원은 392명이다.

  [사안 2] 6개 승격 (조회수 합 19.336)
      (씨앗 4.238) 시범서비스 설문 성실 응답자 250명 대상 리워드 발송 건이 경영지원팀 승인을 받았다.
      (씨앗 3.778) 시범서비스 설문 리워드 쿠폰은 CS팀과 협의하여 알림톡으로 일괄 발송하기로 했다.
      (씨앗 3.744) 시범서비스 설문 리워드 쿠폰 발송 일정이 11월 12일 오후 2시로 확정되었다.
      (씨앗 3.051) 시범서비스 설문 응답 리워드는 1인당 1만 원 상당의 모바일 커피 쿠폰이다.
      (씨앗 3.045) 시범서비스 설문 리워드 총 예산 250만 원 집행이 승인되었다.
      (동반 1.480) 시범서비스 만족도 설문 대상자는 총 500명이다.
      + ADD    (최고 -1.87) 시범서비스 설문 성실 응답자 250명 대상 리워드 발송 건이 경영지원팀 승인을 받았다.
      + ADD    (최고 -2.62) 시범서비스 설문 리워드 쿠폰은 CS팀과 협의하여 알림톡으로 일괄 발송하기로 했다.
      + ADD    (최고 -0.97) 시범서비스 설문 리워드 쿠폰 발송 일정이 11월 12일 오후 2시로 확정되었다.
      + ADD    (최고 -0.74) 시범서비스 설문 응답 리워드는 1인당 1만 원 상당의 모바일 커피 쿠폰이다.
      + ADD    (최고 +1.46) 시범서비스 설문 리워드 총 예산 250만 원 집행이 승인되었다.
      ~ UPDATE (상호함의 +5.82) 시범서비스 만족도 설문 대상자는 총 500명이다.
          교체 대상: 신규 기능 시범서비스 설문조사의 총 대상자는 500명이다.

  [사안 3] 1개 승격 (조회수 합 3.344)
      (씨앗 3.344) 설문 주관식 전체 응답자의 28%가 결제 화면 진입 지연을 지적했다
      + ADD    (최고 -5.84) 설문 주관식 전체 응답자의 28%가 결제 화면 진입 지연을 지적했다

  [사안 4] 3개 승격 (조회수 합 5.307)
      (씨앗 3.162) 10월 18일 야간 주행 테스트의 우천 구간에서 보행자 및 자전거 인식 mAP가 62%로 떨어졌다
      (동반 1.150) 야간 저조도 환경에서 0.5m 이하 소형 장애물 인식 mAP가 68%에서 84.5%로 개선되었다
      (동반 0.995) 10월 24일 야간 주행 로그에서 우천 시 가로등 빛 반사를 보행자로 인식하는 오탐률이 14.2%를 기록했다
      + ADD    (최고 -6.69) 10월 18일 야간 주행 테스트의 우천 구간에서 보행자 및 자전거 인식 mAP가 62%로 떨어졌다
      + ADD    (최고 -3.33) 야간 저조도 환경에서 0.5m 이하 소형 장애물 인식 mAP가 68%에서 84.5%로 개선되었다
      + ADD    (최고 -2.81) 10월 24일 야간 주행 로그에서 우천 시 가로등 빛 반사를 보행자로 인식하는 오탐률이 14.2%를 

  [사안 5] 2개 승격 (조회수 합 5.028)
      (씨앗 3.066) 감마 보정값 1.4와 노이즈 필터 설정을 당일 저녁 빌드에 반영하기로 했다
      (동반 1.962) 임계값 수정 사항을 오늘 야간 빌드에 반영할 예정이다
      + ADD    (최고 -6.70) 감마 보정값 1.4와 노이즈 필터 설정을 당일 저녁 빌드에 반영하기로 했다
      + ADD    (최고 -0.62) 임계값 수정 사항을 오늘 야간 빌드에 반영할 예정이다

  [사안 6] 1개 승격 (조회수 합 3.008)
      (씨앗 3.008) 야간 우천 구간의 인식률 저하 원인은 노면 반사광으로 인한 카메라 입력 노이즈다
      + ADD    (최고 -0.24) 야간 우천 구간의 인식률 저하 원인은 노면 반사광으로 인한 카메라 입력 노이즈다

  폐기 0개 (창을 벗어났고 조회수 미달) / 나머지 1039개는 아직 창 안 -> STM 유지

[계층 상태] {"mtm": {"facts": 65, "views": 192.657, "returns": 274, "avg_chars": 42.2}, "stm": {"facts": 1039, "views": 532.248, "returns": 851, "avg_chars": 42.2}}

===== 라운드 4 | MTM 65/100  (STM 1039) =====
  [협력기관 미팅] 대화 4개 -> 사실 16개 (세션 s-live-20260827-135626-0869dd)
  [성과 지표 보고] 대화 4개 -> 사실 17개 (세션 s-live-20260827-135654-935446)
  [인프라 서버 점검] 대화 4개 -> 사실 17개 (세션 s-live-20260827-135724-0881a0)
  [보안 점검 결과] 대화 4개 -> 사실 20개 (세션 s-live-20260827-135749-8fa906)
  [사용자 교육 자료] 대화 4개 -> 사실 16개 (세션 s-live-20260827-135816-179780)
  [현장 실증 일정] 대화 4개 -> 사실 19개 (세션 s-live-20260827-135841-e8faa2)
  누적 STM 생성 929건 -> 시뮬레이션 시각 2026-08-29T10:58 (실제 대비 +1 day, 21:00:00)
  재질문 25건 수행 (그중 자기 자신에게 귀속된 건 25개)

  -- 승격 실행 --
STM 전체 1144개 (즉시 승격 심사)
MTM 승격 기준: 조회수 >= 3.0  /  결합 기준: 코사인 >= 0.65
  씨앗 9개
  ADD/UPDATE 기준: 상호함의 >= 2.0

  [사안 1] 11개 승격 (조회수 합 22.111)
      (씨앗 5.284) v2.4.1 펌웨어 1차 OTA 배포 일정이 10월 24일 목요일 오전 10시로 결정되었다
      (씨앗 3.388) v2.4.1 펌웨어 1차 OTA 배포 대상은 국내 출하 물량 3,000대이다
      (씨앗 3.172) v2.4.1 펌웨어 패치를 11월 3일 14시에 무중단 배포하기로 결정했다.
      (동반 2.572) v2.4.1 펌웨어 1차 배포 일시는 10월 24일 오후 3시다.
      (동반 1.992) SW개발팀은 긴급 펌웨어 v1.04.1 패치를 10월 27일 18시에 OTA로 일괄 배포하기로 최종 결정했다.
      (동반 1.837) v2.4.1 펌웨어 전체 오픈은 모니터링 후 10월 26일로 예정되어 있다.
      (동반 1.832) v2.4.1 OTA 초기 1차 배포는 전체 활성 기기의 15%를 대상으로 진행하기로 확정했다.
      (동반 0.996) v2.4.1 펌웨어 1차 배포 대상은 기기 500대(10% 비율) 한정이다.
      (동반 0.614) v2.4.1 OTA 롤아웃 시작 일시는 11월 2일 02:00이다.
      (동반 0.425) v2.4.1 펌웨어 배포 일정은 최진우 책임과 협의하여 결정했다.
      (동반 0.000) v2.4.1 OTA는 서버 부하 방지를 위해 5,000대 단위로 묶어서 순차 배포하기로 확정했다.
      + ADD    (최고 -9.22) v2.4.1 펌웨어 1차 OTA 배포 일정이 10월 24일 목요일 오전 10시로 결정되었다
      + ADD    (최고 -1.03) v2.4.1 펌웨어 1차 OTA 배포 대상은 국내 출하 물량 3,000대이다
      + ADD    (최고 -3.73) v2.4.1 펌웨어 패치를 11월 3일 14시에 무중단 배포하기로 결정했다.
      + ADD    (최고 -0.63) v2.4.1 펌웨어 1차 배포 일시는 10월 24일 오후 3시다.
      + ADD    (최고 -3.33) SW개발팀은 긴급 펌웨어 v1.04.1 패치를 10월 27일 18시에 OTA로 일괄 배포하기로 최종 
      + ADD    (최고 +0.46) v2.4.1 펌웨어 전체 오픈은 모니터링 후 10월 26일로 예정되어 있다.
      + ADD    (최고 -0.48) v2.4.1 OTA 초기 1차 배포는 전체 활성 기기의 15%를 대상으로 진행하기로 확정했다.
      + ADD    (최고 +1.37) v2.4.1 펌웨어 1차 배포 대상은 기기 500대(10% 비율) 한정이다.
      + ADD    (최고 -1.84) v2.4.1 OTA 롤아웃 시작 일시는 11월 2일 02:00이다.
      + ADD    (최고 -0.83) v2.4.1 펌웨어 배포 일정은 최진우 책임과 협의하여 결정했다.
      + ADD    (최고 -0.22) v2.4.1 OTA는 서버 부하 방지를 위해 5,000대 단위로 묶어서 순차 배포하기로 확정했다.

  [사안 2] 7개 승격 (조회수 합 21.939)
      (씨앗 4.444) 블루투스 페어링 끊김 문제 핫픽스가 빌드 #409번에 반영되었다.
      (씨앗 4.059) 스마트센서 펌웨어 v2.1.4 배포 후 블루투스 페어링 끊김 문의가 급증했다
      (씨앗 3.639) 현장 필드 테스트에서 블루투스 페어링 끊김 현상이 15건 보고되었다.
      (씨앗 3.338) v2.4.2 릴리즈에 블루투스 페어링 핫픽스를 포함해 배포하기로 합의했다.
      (동반 2.385) 블루투스 페어링 끊김의 원인은 BLE 스택 버퍼 오버플로우 문제였다.
      (동반 2.318) 블루투스 페어링 끊김 이슈 대응 긴급 빌드 넘버는 'v2.4.0-hotfix3'이다.
      (동반 1.756) v2.4.0 업데이트 이후 블루투스 페어링 끊김 이슈가 12건 접수되었다.
      + ADD    (최고 -7.15) 블루투스 페어링 끊김 문제 핫픽스가 빌드 #409번에 반영되었다.
      + ADD    (최고 -1.01) 스마트센서 펌웨어 v2.1.4 배포 후 블루투스 페어링 끊김 문의가 급증했다
      + ADD    (최고 -2.52) 현장 필드 테스트에서 블루투스 페어링 끊김 현상이 15건 보고되었다.
      + ADD    (최고 -2.29) v2.4.2 릴리즈에 블루투스 페어링 핫픽스를 포함해 배포하기로 합의했다.
      + ADD    (최고 -1.70) 블루투스 페어링 끊김의 원인은 BLE 스택 버퍼 오버플로우 문제였다.
      + ADD    (최고 +1.22) 블루투스 페어링 끊김 이슈 대응 긴급 빌드 넘버는 'v2.4.0-hotfix3'이다.
      + ADD    (최고 +0.67) v2.4.0 업데이트 이후 블루투스 페어링 끊김 이슈가 12건 접수되었다.

  [사안 3] 4개 승격 (조회수 합 9.208)
      (씨앗 3.604) 10월 24일 대전 테크밸리 현장 실사 이동편으로 오전 8시 40분 서울역 출발 KTX 115편 3인분을 예매하기로 결
      (동반 2.315) 10월 24일에 대전 테크밸리 현장 실사 일정이 있다.
      (동반 2.295) 대전 테크밸리 현장 실사 복귀편 KTX는 미팅 종료 후 16시 이후 현장 발권하기로 결정했다.
      (동반 0.994) 10월 24일 서울역 08:30 출발 KTX 114호 2석 예매가 완료되었다.
      + ADD    (최고 -10.55) 10월 24일 대전 테크밸리 현장 실사 이동편으로 오전 8시 40분 서울역 출발 KTX 115편 3인
      ~ UPDATE (상호함의 +3.10) 10월 24일에 대전 테크밸리 현장 실사 일정이 있다.
          교체 대상: 10월 24일 대전 테크밸리 현장 실사 이동편으로 오전 8시 40분 서울역 출발 KTX 115편 3인분을 예
      + ADD    (최고 -3.68) 대전 테크밸리 현장 실사 복귀편 KTX는 미팅 종료 후 16시 이후 현장 발권하기로 결정했다.
      + ADD    (최고 -6.91) 10월 24일 서울역 08:30 출발 KTX 114호 2석 예매가 완료되었다.

  [사안 4] 1개 승격 (조회수 합 3.163)
      (씨앗 3.163) 최종 납품 패키지는 11월 2일 오후까지 준비될 예정이다.
      + ADD    (최고 -4.29) 최종 납품 패키지는 11월 2일 오후까지 준비될 예정이다.

  폐기 0개 (창을 벗어났고 조회수 미달) / 나머지 1121개는 아직 창 안 -> STM 유지

[계층 상태] {"mtm": {"facts": 87, "views": 249.078, "returns": 355, "avg_chars": 42.2}, "stm": {"facts": 1121, "views": 560.115, "returns": 895, "avg_chars": 42.2}}

===== 라운드 5 | MTM 87/100  (STM 1121) =====
  [예산 집행 및 이월] 대화 4개 -> 사실 20개 (세션 s-live-20260827-135919-cabe1b)
  [인건비 정산] 대화 4개 -> 사실 21개 (세션 s-live-20260827-135948-71094a)
  [정량목표 달성률] 대화 4개 -> 사실 20개 (세션 s-live-20260827-140013-8bd098)
  [회의 일정 조율] 대화 4개 -> 사실 17개 (세션 s-live-20260827-140041-dde7e9)
  [담당자 변경] 대화 4개 -> 사실 17개 (세션 s-live-20260827-140109-8c1846)
  [협약변경 절차] 대화 4개 -> 사실 18개 (세션 s-live-20260827-140136-960abc)
  누적 STM 생성 1042건 -> 시뮬레이션 시각 2026-08-29T16:01 (실제 대비 +2 days, 2:00:00)
  재질문 25건 수행 (그중 자기 자신에게 귀속된 건 25개)

  -- 승격 실행 --
STM 전체 1234개 (즉시 승격 심사)
MTM 승격 기준: 조회수 >= 3.0  /  결합 기준: 코사인 >= 0.65
  씨앗 5개
  ADD/UPDATE 기준: 상호함의 >= 2.0

  [사안 1] 5개 승격 (조회수 합 9.794)
      (씨앗 3.413) ESG 지속가능경영 보고서 최종 마감일은 9월 30일이다
      (동반 2.998) ESG 지속가능경영 보고서 본문 분량을 45페이지로 압축하기로 결정했다
      (동반 2.909) ESG 경영 현황 보고서 수정본은 오늘 17시 전까지 메신저로 전달될 예정이다.
      (동반 0.474) 3분기 ESG 성과 보고서 초안 최종 마감이 팀장 승인을 거쳐 10월 25일 오전 10시로 연기되었다.
      (동반 0.000) 3분기 ESG 성과 보고서 초안의 원래 마감은 10월 24일 16시였다.
      + ADD    (최고 -8.15) ESG 지속가능경영 보고서 최종 마감일은 9월 30일이다
      + ADD    (최고 -3.71) ESG 지속가능경영 보고서 본문 분량을 45페이지로 압축하기로 결정했다
      + ADD    (최고 -1.23) ESG 경영 현황 보고서 수정본은 오늘 17시 전까지 메신저로 전달될 예정이다.
      + ADD    (최고 -3.15) 3분기 ESG 성과 보고서 초안 최종 마감이 팀장 승인을 거쳐 10월 25일 오전 10시로 연기되었다
      + ADD    (최고 +1.72) 3분기 ESG 성과 보고서 초안의 원래 마감은 10월 24일 16시였다.

  [사안 2] 3개 승격 (조회수 합 8.282)
      (씨앗 3.373) 3분기 실적 보고서 마감 연장 사유는 마케팅팀 전환율 데이터 누락에 따른 수치 재조정이다.
      (씨앗 3.263) 3분기 실적 보고서 마감 기한이 10월 24일 오전 11시로 연장되었다.
      (동반 1.646) 마케팅팀 전환율 데이터가 12% 누락된 사실이 확인되었다.
      + ADD    (최고 -0.25) 3분기 실적 보고서 마감 연장 사유는 마케팅팀 전환율 데이터 누락에 따른 수치 재조정이다.
      ~ UPDATE (상호함의 +2.84) 3분기 실적 보고서 마감 기한이 10월 24일 오전 11시로 연장되었다.
          교체 대상: 3분기 실적 보고서 마감 연장 사유는 마케팅팀 전환율 데이터 누락에 따른 수치 재조정이다.
      + ADD    (최고 -6.46) 마케팅팀 전환율 데이터가 12% 누락된 사실이 확인되었다.

  [사안 3] 1개 승격 (조회수 합 3.221)
      (씨앗 3.221) 싱가포르 출장 호텔비 1박 상한선은 250 SGD이다.
      + ADD    (최고 -10.87) 싱가포르 출장 호텔비 1박 상한선은 250 SGD이다.

  [사안 4] 2개 승격 (조회수 합 5.105)
      (씨앗 3.114) 16시에 임원 사전보고가 예정되어 있다
      (동반 1.991) 임원 회의가 내일 오전 10시에 열린다
      + ADD    (최고 -4.69) 16시에 임원 사전보고가 예정되어 있다
      + ADD    (최고 -3.32) 임원 회의가 내일 오전 10시에 열린다

  폐기 0개 (창을 벗어났고 조회수 미달) / 나머지 1223개는 아직 창 안 -> STM 유지

[계층 상태] {"mtm": {"facts": 97, "views": 275.481, "returns": 398, "avg_chars": 41.5}, "stm": {"facts": 1223, "views": 612.593, "returns": 977, "avg_chars": 42.1}}

===== 라운드 6 | MTM 97/100  (STM 1223) =====
  [시범서비스 설문 결과] 대화 4개 -> 사실 15개 (세션 s-live-20260827-140212-964ac8)
  [장애물 인식 성능 개선] 대화 4개 -> 사실 18개 (세션 s-live-20260827-140239-182d0f)
  [제품 펌웨어 업데이트] 대화 4개 -> 사실 19개 (세션 s-live-20260827-140306-e1927a)
  [출장 및 외부 미팅] 대화 4개 -> 사실 20개 (세션 s-live-20260827-140334-d73d79)
  [보고서 작성 마감] 대화 4개 -> 사실 19개 (세션 s-live-20260827-140403-35a0ed)
  [데이터 라벨링 진행] 대화 4개 -> 사실 18개 (세션 s-live-20260827-140429-8160c5)
  누적 STM 생성 1151건 -> 시뮬레이션 시각 2026-08-29T21:04 (실제 대비 +2 days, 7:00:00)
  재질문 25건 수행 (그중 자기 자신에게 귀속된 건 25개)

  -- 승격 실행 --
STM 전체 1332개 (즉시 승격 심사)
MTM 승격 기준: 조회수 >= 3.0  /  결합 기준: 코사인 >= 0.65
  씨앗 6개
  ADD/UPDATE 기준: 상호함의 >= 2.0

  [사안 1] 5개 승격 (조회수 합 13.638)
      (씨앗 3.639) 성진대 로봇공학과 산학 계약 대금 지급 조건에 대해 세무팀 승인을 완료했다
      (씨앗 3.295) 성진대 로봇공학과 산학 계약 착수금은 총 계약금의 30%인 2,400만 원이다
      (씨앗 3.251) 성진대 로봇공학과 산학 계약 착수금 지급일은 5월 3일이다
      (동반 2.465) 성진대 로봇공학과 산학 계약 잔금은 10월 중간평가 통과 후 지급하는 조건이다
      (동반 0.988) 박서연 선임이 성진대 로봇공학과 산학 계약 착수금 지급 품의 결재를 올렸다
      + ADD    (최고 -5.67) 성진대 로봇공학과 산학 계약 대금 지급 조건에 대해 세무팀 승인을 완료했다
      + ADD    (최고 -1.77) 성진대 로봇공학과 산학 계약 착수금은 총 계약금의 30%인 2,400만 원이다
      + ADD    (최고 +1.55) 성진대 로봇공학과 산학 계약 착수금 지급일은 5월 3일이다
      + ADD    (최고 +0.57) 성진대 로봇공학과 산학 계약 잔금은 10월 중간평가 통과 후 지급하는 조건이다
      + ADD    (최고 -1.13) 박서연 선임이 성진대 로봇공학과 산학 계약 착수금 지급 품의 결재를 올렸다

  [사안 2] 6개 승격 (조회수 합 13.346)
      (씨앗 3.406) 이번 주 영수증 OCR 라벨링 목표 수량은 50,000건이다
      (동반 2.531) 영수증 OCR 라벨링 일일 처리량 목표를 4,000건으로 끌어올리기로 결정했다
      (동반 2.407) 영수증 OCR 라벨링 마감일은 4월 25일이다
      (동반 1.770) 한태경 대리 집계 기준 영수증 OCR 라벨링 완료 건수는 38,500건(진척률 77%)이다
      (동반 1.733) OCR 영수증 라벨링 작업 마감 기한은 10월 30일까지이다
      (동반 1.498) OCR 영수증 라벨링 작업 목표치는 작업자당 하루 300건이다
      + ADD    (최고 -10.28) 이번 주 영수증 OCR 라벨링 목표 수량은 50,000건이다
      + ADD    (최고 -2.71) 영수증 OCR 라벨링 일일 처리량 목표를 4,000건으로 끌어올리기로 결정했다
      + ADD    (최고 -1.14) 영수증 OCR 라벨링 마감일은 4월 25일이다
      + ADD    (최고 -1.59) 한태경 대리 집계 기준 영수증 OCR 라벨링 완료 건수는 38,500건(진척률 77%)이다
      + ADD    (최고 -1.74) OCR 영수증 라벨링 작업 마감 기한은 10월 30일까지이다
      + ADD    (최고 -2.24) OCR 영수증 라벨링 작업 목표치는 작업자당 하루 300건이다

  [사안 3] 4개 승격 (조회수 합 9.665)
      (씨앗 3.159) BMS 배터리 진단 특허는 사업성이 높은 미국과 중국 2개국에만 PCT 진입하기로 결정했다.
      (동반 2.750) BMS 배터리 진단 특허의 PCT 해외 진입 검토 예산은 2,800만 원이었다.
      (동반 2.247) BMS 배터리 진단 특허의 PCT 해외 진입 마감일은 12월 5일이다.
      (동반 1.510) BMS 배터리 진단 특허 PCT 관련 서류는 12월 1일까지 법무팀에 전달하기로 했다.
      + ADD    (최고 -9.31) BMS 배터리 진단 특허는 사업성이 높은 미국과 중국 2개국에만 PCT 진입하기로 결정했다.
      + ADD    (최고 -2.33) BMS 배터리 진단 특허의 PCT 해외 진입 검토 예산은 2,800만 원이었다.
      + ADD    (최고 -0.13) BMS 배터리 진단 특허의 PCT 해외 진입 마감일은 12월 5일이다.
      + ADD    (최고 -0.33) BMS 배터리 진단 특허 PCT 관련 서류는 12월 1일까지 법무팀에 전달하기로 했다.

  [사안 4] 1개 승격 (조회수 합 3.077)
      (씨앗 3.077) 성진대 로봇공학과 산학 계약 연구원들이 5월부터 투입될 예정이다
      + ADD    (최고 +1.14) 성진대 로봇공학과 산학 계약 연구원들이 5월부터 투입될 예정이다

  폐기 0개 (창을 벗어났고 조회수 미달) / 나머지 1316개는 아직 창 안 -> STM 유지

[계층 상태] {"mtm": {"facts": 113, "views": 315.207, "returns": 455, "avg_chars": 41.3}, "stm": {"facts": 1316, "views": 657.495, "returns": 1045, "avg_chars": 42.0}}

===== 라운드 7 | MTM 113/100  (STM 1316) =====
목표 달성.

===== 종료 =====
총 생성 대화 턴: 143 / 총 재질문 횟수: 150
[최종 계층 상태] {"mtm": {"facts": 113, "views": 315.207, "returns": 455, "avg_chars": 41.3}, "stm": {"facts": 1316, "views": 657.495, "returns": 1045, "avg_chars": 42.0}}
