Warning: You are sending unauthenticated requests to the HF Hub. Please set a HF_TOKEN to enable higher rate limits and faster downloads.
Loading weights:   0%|          | 0/391 [00:00<?, ?it/s]Loading weights: 100%|██████████| 391/391 [00:00<00:00, 8329.26it/s]
MTM 전체 67건 대상 (H6: 4개 기준 전부 AND)

Loading weights:   0%|          | 0/393 [00:00<?, ?it/s]Loading weights:  81%|████████  | 318/393 [00:00<00:00, 3156.65it/s]Loading weights: 100%|██████████| 393/393 [00:00<00:00, 3205.38it/s]
[1/67] [출진공유] PROMOTE doc=근거가 있다         조진수 교수의 소속은 가천대학교 IT대학 컴퓨터공학과이다.
[2/67] [출진공유] PROMOTE doc=근거가 있다         주식회사 피씨티 정정일 대표는 보조공학기기 연구개발 총괄을 맡았다
[3/67] [출진공유] PROMOTE doc=근거가 있다         위험 감지 센서 응답 속도 평가는 최소 5가지 상황에서 센서가 값을 측정하는 데
[4/67] [출진공유] PROMOTE doc=근거가 있다         본 과제의 주관기관은 가천대학교 산학협력단이다
[5/67] [출진공유] PROMOTE doc=근거가 있다         2차년도에 스마트 글래스 결합형 HMD 모듈 제어를 개발한다.
[6/67] [출진공유] PROMOTE doc=근거가 있다         임수빈 연구원이 가천대학교 산학협력단 소속 연구원으로 참여하고 있다
[7/67] [출진공유] PROMOTE doc=근거가 있다         위험 감지 센서 응답 속도의 2차년도 정량 목표치는 1초 이내이다
[8/67] [출진공유] PROMOTE doc=근거가 있다         과제 1단계 1차년도(2020년) 총 정부출연금은 100,000천 원이다
[9/67] [출진공유] PROMOTE doc=근거가 있다         (주)피씨티의 기관책임자는 정정일 대표이사이다
[10/67] [출진공유] PROMOTE doc=근거가 있다         장애물 감지 인식률의 1차년도 정량 개발 목표치는 90%이다
[11/67] [출진공유] PROMOTE doc=근거가 있다         3차원 디스플레이 및 광학 부품·패널 분야의 선행기술 보유 기관으로 삼성전자가 
[12/67] [출-공-] hold    doc=근거를 못 찾음(채팅 고유 프로젝트 담당자가 변경되었다.
[13/67] [출진공유] PROMOTE doc=근거가 있다         정인철 연구원이 가천대학교 산학협력단의 참여연구원이다.
[14/67] [출진공유] PROMOTE doc=근거가 있다         Low Vision Smart Glass 개발 과제 2단계에서 주식회사 피씨티가
[15/67] [출진공유] PROMOTE doc=근거를 못 찾음(채팅 고유 차단계(내년도) 사업계획서 신청 양식 템플릿의 저장 경로는 '1단계/08_1단계
[16/67] [출진공유] PROMOTE doc=근거가 있다         3차원 디스플레이 및 광학 부품·패널 분야의 선행기술 보유 기관으로 한국전자통신
[17/67] [출진공유] PROMOTE doc=근거가 있다         정정일 님의 소속 기관은 주식회사 피씨티이다
[18/67] [출진공-] hold    doc=근거를 못 찾음(채팅 고유 UI/UX 2차 시안 피드백 세션 캘린더 본문에 피그마 검토 링크가 첨부될 예정
[19/67] [출진공유] PROMOTE doc=근거를 못 찾음(채팅 고유 특허 출원 검토 서류는 부서장 결재를 거쳐 산학협력단 또는 지재권 담당 부서에 
[20/67] [출진공유] PROMOTE doc=근거가 있다         위험 감지 센서 응답 속도의 1차년도 정량 목표치는 2초 이내이다
[21/67] [출진공유] PROMOTE doc=근거가 있다         2차년도에는 HMD 기반 시기능 보조 및 훈련용 증강현실 스마트 글래스를 본격 
[22/67] [출진공유] PROMOTE doc=근거가 있다         피씨티는 스마트 글래스 하드웨어와 가천대학교 개발 소프트웨어의 시스템 통합 테스
[23/67] [출진공유] PROMOTE doc=근거가 있다         장애물 감지 인식률의 평가 비중은 6%이다
[24/67] [출진공유] PROMOTE doc=근거가 있다         특허 출원 사전 검토 신청 시 발명신고서를 제출해야 한다
[25/67] [출진공유] PROMOTE doc=근거가 있다         과제 1단계에서 아이픽스 특허법률사무소가 특허 포트폴리오 구축 및 선행기술 조사
[26/67] [출진공유] PROMOTE doc=근거가 있다         가천대학교의 총괄책임자는 조진수 교수이다
[27/67] [출진공유] PROMOTE doc=근거가 있다         장애물 감지 인식률의 2차년도 개발 목표 항목은 없다
[28/67] [출진공유] PROMOTE doc=근거가 있다         과제 전체 2차년도(2단계 1차년도, 2021년) 총 정부출연금은 443,750
[29/67] [출진공유] PROMOTE doc=근거가 있다         본 프로젝트의 전담(전문)기관은 한국산업기술평가관리원(KEIT)이다
[30/67] [출진공유] PROMOTE doc=근거가 있다         2단계 생활보조 웨어러블 장치 선행특허 조사 및 분석 용역은 태창 특허법률사무소
[31/67] [출진공-] hold    doc=근거를 못 찾음(채팅 고유 신규 ERP 도입 검토 보고서 마감은 내일이다.
[32/67] [출진공유] PROMOTE doc=근거가 있다         협약변경 신청 시 제출 서류는 양도양수확인서이다.
[33/67] [출진공유] PROMOTE doc=근거가 있다         이상웅은 가천대학교 산학협력단 소속 연구원이다
[34/67] [출진공유] PROMOTE doc=근거가 있다         과제 1단계에서 지원국제특허법률사무소가 국내 특허 조사 비교견적에 참여했다
[35/67] [출진공유] PROMOTE doc=근거가 있다         시범사업 주관기관인 주식회사 피씨티는 시스템 통합 테스트, 시범사업 기획 및 사
[36/67] [출진공유] PROMOTE doc=근거가 있다         협약변경 신청 시 제출 서류는 사업자등록증이다.
[37/67] [출진공유] PROMOTE doc=근거가 있다         가천대학교 산학협력단은 2단계에서 공동연구개발기관으로 참여한다
[38/67] [출진공유] PROMOTE doc=근거가 있다         3차원 디스플레이 및 광학 부품·패널 분야의 선행기술 보유 기관으로 LG디스플레
[39/67] [출진공유] PROMOTE doc=근거를 못 찾음(채팅 고유 특허 출원 사전 검토 신청 시 양도증을 제출해야 한다
[40/67] [출진공유] PROMOTE doc=근거가 있다         본 과제는 BI연계형 과제 특성상 2단계에서 주관기관이 기업으로 전환된다
[41/67] [출진공유] PROMOTE doc=근거가 있다         2차년도에 HMD 출력 펌웨어를 설계 및 개발한다.
[42/67] [출진공유] PROMOTE doc=근거가 있다         특허 출원 사전 검토 신청 시 선행기술조사서를 제출해야 한다
[43/67] [출진공유] PROMOTE doc=근거가 있다         과제 2단계 2차년도(전체 3차년도, 2022년) 총 정부출연금은 556,000
[44/67] [출진공유] PROMOTE doc=근거가 있다         과제 전체 총 정부출연금 합계는 1,099,750천 원이다
[45/67] [출진공유] PROMOTE doc=근거가 있다         과제 1단계 1차년도(2020년) 정부지원연구개발비는 총 1억 원(100,000
[46/67] [출진공유] PROMOTE doc=근거가 있다         가천대학교는 2021년 10월 임수빈 연구원을 신규 채용하였다.
[47/67] [출진공-] hold    doc=근거를 못 찾음(채팅 고유 UI/UX 2차 시안 14종 피드백 세션 일정이 11월 13일 수요일 오전 11
[48/67] [출진공유] PROMOTE doc=근거가 있다         위험 감지 센서 응답 속도 평가의 5가지 상황은 고정된 명칭이 아닌 5가지 장애
[49/67] [출진공유] PROMOTE doc=근거가 있다         1차년도에 HMD 모듈 H/W 및 S/W 구조 분석과 선행 연구를 수행한다.
[50/67] [출진공유] PROMOTE doc=근거가 있다         LG디스플레이는 3차원 디스플레이 및 3차원 광학부품 분야 국내 대기업 중 최다
[51/67] [출진공유] PROMOTE doc=근거가 있다         과제 2단계에서 와이즈업 특허법률사무소가 보행보조 관련 기술 선행특허 조사·분석
[52/67] [출진공유] PROMOTE doc=근거가 있다         과제 1세부는 HMD 기반 스마트 글래스 개발이다
[53/67] [출진공유] PROMOTE doc=근거가 있다         1단계 주관연구개발기관은 가천대학교였다
[54/67] [출진공유] PROMOTE doc=근거가 있다         위험 감지 센서 응답 속도 평가의 장애물 환경은 돌출 장애물 및 푹 꺼진 지형(
[55/67] [출진공유] PROMOTE doc=근거가 있다         지식서비스산업핵심기술개발사업 2단계에서 피씨티는 주관기관을 맡는다
[56/67] [출진공-] hold    doc=근거가 있다         협약변경 제출 서류는 11월 20일자 법인등기부등본이다.
[57/67] [출진공-] hold    doc=근거를 못 찾음(채팅 고유 신규 물류 시스템 도입 완료 보고서는 오늘 18시까지 기안하기로 했다.
[58/67] [출진공유] PROMOTE doc=근거가 있다         1단계 해외 선행특허 조사 및 분석 용역은 아이픽스 특허법률사무소와 진행했다
[59/67] [출진공유] PROMOTE doc=근거가 있다         과제 2단계에서 아이픽스 특허법률사무소가 VR 디스플레이 기기 및 기술 특허 조
[60/67] [출진공유] PROMOTE doc=근거가 있다         위험 감지 센서 응답 속도 평가 환경은 저시력자 또는 전맹인의 예상 활동 영역 
[61/67] [출진공유] PROMOTE doc=근거가 있다         지식서비스산업핵심기술개발사업 1단계에서 피씨티는 참여기관으로 참여했다
[62/67] [출진공유] PROMOTE doc=근거가 있다         피씨티는 서비스 플랫폼과 하드웨어의 통합 테스트 및 실증 지원을 담당한다
[63/67] [출진공유] PROMOTE doc=근거가 있다         조진수 교수는 2단계에서 가천대학교 산학협력단의 기관 책임자로 참여한다
[64/67] [출진공-] hold    doc=근거가 있다         태창 특허법률사무소의 2단계 용역 계약 기간은 2021년 12월 3일부터 202
[65/67] [출진공유] PROMOTE doc=근거가 있다         태창 특허법률사무소의 2단계 용역 계약 금액은 부가세 별도 4,500,000원이
[66/67] [출진공유] PROMOTE doc=근거가 있다         1단계 1차년도 참여기관(주식회사 피씨티)의 정부출연금은 50,000천 원이다
[67/67] [출진공유] PROMOTE doc=근거가 있다         2차년도에 가천대학교와 주식회사 피씨티는 개발 서비스 및 시제품 통합 테스트를 


======================================================================
H6 승급: 60/67건
======================================================================
  'traceable' 단독 병목으로 탈락: 0건
  'truthful' 단독 병목으로 탈락: 0건
  'shareable' 단독 병목으로 탈락: 0건
  'useful' 단독 병목으로 탈락: 6건

  기준별 전체 실패 건수: {'traceable': 0, 'truthful': 1, 'shareable': 0, 'useful': 7}

  승급 예시 (조회수 높은 순 5개):
    + 조진수 교수의 소속은 가천대학교 IT대학 컴퓨터공학과이다.
    + 주식회사 피씨티 정정일 대표는 보조공학기기 연구개발 총괄을 맡았다
    + 위험 감지 센서 응답 속도 평가는 최소 5가지 상황에서 센서가 값을 측정하는 데까지 걸리는 시간을 측정한다
    + 본 과제의 주관기관은 가천대학교 산학협력단이다
    + 2차년도에 스마트 글래스 결합형 HMD 모듈 제어를 개발한다.

  보류 예시 (기준을 하나만 놓친 것들):
    - (useful 실패) UI/UX 2차 시안 피드백 세션 캘린더 본문에 피그마 검토 링크가 첨부될 예정이다.  |  특정 일정의 세부 진행 방식을 명확히 전달하고 민감정보가 없어 신뢰성 및 공유 가능성은 높
    - (useful 실패) 신규 ERP 도입 검토 보고서 마감은 내일이다.  |  업무 마감일에 대한 명확한 서술이고 민감정보는 아니나, '내일'이라는 시점에 국한된 일회성
    - (useful 실패) UI/UX 2차 시안 14종 피드백 세션 일정이 11월 13일 수요일 오전 11시로 확정되었다.  |  구체적인 일정과 항목이 명시된 비민감 업무 정보이나, 특정 일회성 세션 일정에 불과하여 장
    - (useful 실패) 협약변경 제출 서류는 11월 20일자 법인등기부등본이다.  |  제출 서류와 특정 일자가 명확히 서술되어 검증 가능하고 민감정보가 없어 공유 가능하나, 특
    - (useful 실패) 신규 물류 시스템 도입 완료 보고서는 오늘 18시까지 기안하기로 했다.  |  마감 시한이 구체적으로 명시되어 있고 민감정보가 없어 신뢰성 및 공유 가능성은 높으나, 당
    - (useful 실패) 태창 특허법률사무소의 2단계 용역 계약 기간은 2021년 12월 3일부터 2021년 12월 27일까  |  구체적인 계약 기간이 명시되어 검증 가능하고 민감한 개인정보가 아니지만, 이미 완료된 과거

완료 — 상세: .scratch/ltm_promotion_v2_data.json
